\BOOKMARK [1][-]{section.1}{\376\377\000E\000i\000n\000l\000e\000i\000t\000u\000n\000g}{}% 1
\BOOKMARK [2][-]{subsection.1.1}{\376\377\000A\000t\000o\000m\000a\000r\000e\000\040\000\334\000b\000e\000r\000g\000\344\000n\000g\000e}{section.1}% 2
\BOOKMARK [1][-]{section.2}{\376\377\000T\000e\000i\000l\000\040\000I\000:\000\040\000Z\000e\000e\000m\000a\000n\000-\000E\000f\000f\000e\000k\000t}{}% 3
\BOOKMARK [2][-]{subsection.2.1}{\376\377\000A\000u\000f\000b\000a\000u}{section.2}% 4
\BOOKMARK [2][-]{subsection.2.2}{\376\377\000B\000e\000o\000b\000a\000c\000h\000t\000u\000n\000g\000\040\000d\000e\000r\000\040\000A\000u\000f\000s\000p\000a\000l\000t\000u\000n\000g}{section.2}% 5
\BOOKMARK [2][-]{subsection.2.3}{\376\377\000M\000a\000g\000n\000e\000t\000f\000e\000l\000d\000-\000K\000a\000l\000i\000b\000r\000i\000e\000r\000u\000n\000g}{section.2}% 6
\BOOKMARK [2][-]{subsection.2.4}{\376\377\000M\000e\000s\000s\000u\000n\000g\000\040\000i\000n\000\040\000T\000r\000a\000n\000s\000v\000e\000r\000s\000a\000l\000e\000r\000\040\000K\000o\000n\000f\000i\000g\000u\000r\000a\000t\000i\000o\000n}{section.2}% 7
\BOOKMARK [2][-]{subsection.2.5}{\376\377\000M\000e\000s\000s\000u\000n\000g\000\040\000i\000n\000\040\000L\000o\000n\000g\000i\000t\000u\000d\000i\000n\000a\000l\000e\000r\000\040\000K\000o\000n\000f\000i\000g\000u\000r\000a\000t\000i\000o\000n}{section.2}% 8
\BOOKMARK [2][-]{subsection.2.6}{\376\377\000E\000r\000g\000e\000b\000n\000i\000s\000s\000e}{section.2}% 9
\BOOKMARK [3][-]{subsubsection.2.6.1}{\376\377\000B\000e\000r\000e\000c\000h\000n\000u\000n\000g\000\040\000d\000e\000r\000\040\000E\000n\000e\000r\000g\000i\000e\000v\000e\000r\000s\000c\000h\000i\000e\000b\000u\000n\000g\000\040\000E}{subsection.2.6}% 10
\BOOKMARK [3][-]{subsubsection.2.6.2}{\376\377\000B\000e\000s\000t\000i\000m\000m\000u\000n\000g\000\040\000d\000e\000s\000\040\000B\000o\000h\000r\000s\000c\000h\000e\000n\000\040\000M\000a\000g\000n\000e\000t\000o\000n\000s\000\040\000B}{subsection.2.6}% 11
\BOOKMARK [3][-]{subsubsection.2.6.3}{\376\377\000B\000e\000s\000t\000i\000m\000m\000u\000n\000g\000\040\000v\000o\000n\000\040\000A\000u\000f\000l\000\366\000s\000u\000n\000g\000\040\000A\000\040\000u\000n\000d\000\040\000F\000i\000n\000e\000s\000s\000e\000\040\000F}{subsection.2.6}% 12
\BOOKMARK [3][-]{subsubsection.2.6.4}{\376\377\000B\000e\000s\000t\000i\000m\000m\000u\000n\000g\000\040\000d\000e\000r\000\040\000D\000o\000p\000p\000l\000e\000r\000-\000V\000e\000r\000b\000r\000e\000i\000t\000u\000n\000g}{subsection.2.6}% 13
\BOOKMARK [1][-]{section.3}{\376\377\000T\000e\000i\000l\000\040\000I\000I\000:\000\040\000F\000r\000a\000n\000c\000k\000-\000H\000e\000r\000t\000z\000-\000V\000e\000r\000s\000u\000c\000h}{}% 14
\BOOKMARK [2][-]{subsection.3.1}{\376\377\000A\000u\000f\000b\000a\000u}{section.3}% 15
\BOOKMARK [2][-]{subsection.3.2}{\376\377\000M\000e\000s\000s\000u\000n\000g\000\040\000u\000n\000t\000e\000r\000\040\000v\000a\000r\000i\000a\000b\000l\000e\000r\000\040\000B\000r\000e\000m\000s\000s\000p\000a\000n\000n\000u\000n\000g\000\040\000U\0002}{section.3}% 16
\BOOKMARK [2][-]{subsection.3.3}{\376\377\000M\000e\000s\000s\000u\000n\000g\000\040\000u\000n\000t\000e\000r\000\040\000v\000a\000r\000i\000a\000b\000l\000e\000r\000\040\000T\000e\000m\000p\000e\000r\000a\000t\000u\000r\000\040\000T}{section.3}% 17
\BOOKMARK [2][-]{subsection.3.4}{\376\377\000E\000r\000g\000e\000b\000n\000i\000s\000s\000e}{section.3}% 18
\BOOKMARK [1][-]{section.4}{\376\377\000F\000a\000z\000i\000t}{}% 19
\BOOKMARK [1][-]{section.5}{\376\377\000A\000n\000h\000a\000n\000g}{}% 20
\BOOKMARK [2][-]{subsection.5.1}{\376\377\000T\000e\000i\000l\000\040\000I\000:\000\040\000Z\000e\000e\000m\000a\000n\000-\000E\000f\000f\000e\000k\000t}{section.5}% 21
\BOOKMARK [2][-]{subsection.5.2}{\376\377\000T\000e\000i\000l\000\040\000I\000I\000:\000\040\000F\000r\000a\000n\000c\000k\000-\000H\000e\000r\000t\000z\000-\000V\000e\000r\000s\000u\000c\000h}{section.5}% 22
