This is pdfTeX, Version 3.141592653-2.6-1.40.25 (TeX Live 2023) (preloaded format=pdflatex 2025.10.26)  3 NOV 2025 15:41
entering extended mode
 restricted \write18 enabled.
 file:line:error style messages enabled.
 %&-line parsing enabled.
**/home/norei/Programming/University/07_Praktikum_4/V401/Latex/main.tex
(/home/norei/Programming/University/07_Praktikum_4/V401/Latex/main.tex
LaTeX2e <2022-11-01> patch level 1
L3 programming layer <2023-02-22> (/usr/share/texlive/texmf-dist/tex/latex/base/article.cls
Document Class: article 2022/07/02 v1.4n Standard LaTeX document class
(/usr/share/texlive/texmf-dist/tex/latex/base/fleqn.clo
File: fleqn.clo 2016/12/29 v1.2b Standard LaTeX option (flush left equations)
\mathindent=\skip48
Applying: [2015/01/01] Make \[ robust on input line 50.
LaTeX Info: Redefining \[ on input line 51.
Already applied: [0000/00/00] Make \[ robust on input line 62.
Applying: [2015/01/01] Make \] robust on input line 74.
LaTeX Info: Redefining \] on input line 75.
Already applied: [0000/00/00] Make \] robust on input line 83.
) (/usr/share/texlive/texmf-dist/tex/latex/base/size10.clo
File: size10.clo 2022/07/02 v1.4n Standard LaTeX file (size option)
)
\c@part=\count185
\c@section=\count186
\c@subsection=\count187
\c@subsubsection=\count188
\c@paragraph=\count189
\c@subparagraph=\count190
\c@figure=\count191
\c@table=\count192
\abovecaptionskip=\skip49
\belowcaptionskip=\skip50
\bibindent=\dimen140
) (/usr/share/texlive/texmf-dist/tex/latex/booktabs/booktabs.sty
Package: booktabs 2020/01/12 v1.61803398 Publication quality tables
\heavyrulewidth=\dimen141
\lightrulewidth=\dimen142
\cmidrulewidth=\dimen143
\belowrulesep=\dimen144
\belowbottomsep=\dimen145
\aboverulesep=\dimen146
\abovetopsep=\dimen147
\cmidrulesep=\dimen148
\cmidrulekern=\dimen149
\defaultaddspace=\dimen150
\@cmidla=\count193
\@cmidlb=\count194
\@aboverulesep=\dimen151
\@belowrulesep=\dimen152
\@thisruleclass=\count195
\@lastruleclass=\count196
\@thisrulewidth=\dimen153
) (/usr/share/texlive/texmf-dist/tex/latex/siunitx/siunitx.sty
Package: siunitx 2023-03-14 v3.2.3 A comprehensive (SI) units package
\l__siunitx_angle_tmp_dim=\dimen154
\l__siunitx_angle_marker_box=\box51
\l__siunitx_angle_unit_box=\box52
\l__siunitx_compound_count_int=\count197
 (/usr/share/texlive/texmf-dist/tex/latex/translations/translations.sty
Package: translations 2022/02/05 v1.12 internationalization of LaTeX2e packages (CN)
 (/usr/share/texlive/texmf-dist/tex/latex/etoolbox/etoolbox.sty
Package: etoolbox 2020/10/05 v2.5k e-TeX tools for LaTeX (JAW)
\etb@tempcnta=\count198
) (/usr/share/texlive/texmf-dist/tex/generic/pdftexcmds/pdftexcmds.sty
Package: pdftexcmds 2020-06-27 v0.33 Utility functions of pdfTeX for LuaTeX (HO)
 (/usr/share/texlive/texmf-dist/tex/generic/infwarerr/infwarerr.sty
Package: infwarerr 2019/12/03 v1.5 Providing info/warning/error messages (HO)
) (/usr/share/texlive/texmf-dist/tex/generic/iftex/iftex.sty
Package: iftex 2022/02/03 v1.0f TeX engine tests
) (/usr/share/texlive/texmf-dist/tex/generic/ltxcmds/ltxcmds.sty
Package: ltxcmds 2020-05-10 v1.25 LaTeX kernel commands for general use (HO)
)
Package pdftexcmds Info: \pdf@primitive is available.
Package pdftexcmds Info: \pdf@ifprimitive is available.
Package pdftexcmds Info: \pdfdraftmode found.
))
\l__siunitx_number_exponent_fixed_int=\count199
\l__siunitx_number_min_decimal_int=\count266
\l__siunitx_number_min_integer_int=\count267
\l__siunitx_number_round_precision_int=\count268
\l__siunitx_number_lower_threshold_int=\count269
\l__siunitx_number_upper_threshold_int=\count270
\l__siunitx_number_group_first_int=\count271
\l__siunitx_number_group_size_int=\count272
\l__siunitx_number_group_minimum_int=\count273
 (/usr/share/texlive/texmf-dist/tex/latex/amsmath/amstext.sty
Package: amstext 2021/08/26 v2.01 AMS text
 (/usr/share/texlive/texmf-dist/tex/latex/amsmath/amsgen.sty
File: amsgen.sty 1999/11/30 v2.0 generic functions
\@emptytoks=\toks16
\ex@=\dimen155
))
\l__siunitx_table_tmp_box=\box53
\l__siunitx_table_tmp_dim=\dimen156
\l__siunitx_table_column_width_dim=\dimen157
\l__siunitx_table_integer_box=\box54
\l__siunitx_table_decimal_box=\box55
\l__siunitx_table_uncert_box=\box56
\l__siunitx_table_before_box=\box57
\l__siunitx_table_after_box=\box58
\l__siunitx_table_before_dim=\dimen158
\l__siunitx_table_carry_dim=\dimen159
\l__siunitx_unit_tmp_int=\count274
\l__siunitx_unit_position_int=\count275
\l__siunitx_unit_total_int=\count276
 (/usr/share/texlive/texmf-dist/tex/latex/tools/array.sty
Package: array 2022/09/04 v2.5g Tabular extension package (FMi)
\col@sep=\dimen160
\ar@mcellbox=\box59
\extrarowheight=\dimen161
\NC@list=\toks17
\extratabsurround=\skip51
\backup@length=\skip52
\ar@cellbox=\box60
)) (/usr/share/texlive/texmf-dist/tex/latex/amsmath/amsmath.sty
Package: amsmath 2022/04/08 v2.17n AMS math features
\@mathmargin=\skip53

For additional information on amsmath, use the `?' option.
(/usr/share/texlive/texmf-dist/tex/latex/amsmath/amsbsy.sty
Package: amsbsy 1999/11/29 v1.2d Bold Symbols
\pmbraise@=\dimen162
) (/usr/share/texlive/texmf-dist/tex/latex/amsmath/amsopn.sty
Package: amsopn 2022/04/08 v2.04 operator names
)
\inf@bad=\count277
LaTeX Info: Redefining \frac on input line 234.
\uproot@=\count278
\leftroot@=\count279
LaTeX Info: Redefining \overline on input line 399.
LaTeX Info: Redefining \colon on input line 410.
\classnum@=\count280
\DOTSCASE@=\count281
LaTeX Info: Redefining \ldots on input line 496.
LaTeX Info: Redefining \dots on input line 499.
LaTeX Info: Redefining \cdots on input line 620.
\Mathstrutbox@=\box61
\strutbox@=\box62
LaTeX Info: Redefining \big on input line 722.
LaTeX Info: Redefining \Big on input line 723.
LaTeX Info: Redefining \bigg on input line 724.
LaTeX Info: Redefining \Bigg on input line 725.
\big@size=\dimen163
LaTeX Font Info:    Redeclaring font encoding OML on input line 743.
LaTeX Font Info:    Redeclaring font encoding OMS on input line 744.
\macc@depth=\count282
LaTeX Info: Redefining \bmod on input line 905.
LaTeX Info: Redefining \pmod on input line 910.
LaTeX Info: Redefining \smash on input line 940.
LaTeX Info: Redefining \relbar on input line 970.
LaTeX Info: Redefining \Relbar on input line 971.
\c@MaxMatrixCols=\count283
\dotsspace@=\muskip16
\c@parentequation=\count284
\dspbrk@lvl=\count285
\tag@help=\toks18
\row@=\count286
\column@=\count287
\maxfields@=\count288
\andhelp@=\toks19
\eqnshift@=\dimen164
\alignsep@=\dimen165
\tagshift@=\dimen166
\tagwidth@=\dimen167
\totwidth@=\dimen168
\lineht@=\dimen169
\@envbody=\toks20
\multlinegap=\skip54
\multlinetaggap=\skip55
\mathdisplay@stack=\toks21
LaTeX Info: Redefining \[ on input line 2953.
LaTeX Info: Redefining \] on input line 2954.
) (/usr/share/texlive/texmf-dist/tex/latex/caption/caption.sty
Package: caption 2023/03/12 v3.6j Customizing captions (AR)
 (/usr/share/texlive/texmf-dist/tex/latex/caption/caption3.sty
Package: caption3 2023/03/12 v2.4 caption3 kernel (AR)
 (/usr/share/texlive/texmf-dist/tex/latex/graphics/keyval.sty
Package: keyval 2022/05/29 v1.15 key=value parser (DPC)
\KV@toks@=\toks22
)
\caption@tempdima=\dimen170
\captionmargin=\dimen171
\caption@leftmargin=\dimen172
\caption@rightmargin=\dimen173
\caption@width=\dimen174
\caption@indent=\dimen175
\caption@parindent=\dimen176
\caption@hangindent=\dimen177
Package caption Info: Standard document class detected.
)
\c@caption@flags=\count289
\c@continuedfloat=\count290
) (/usr/share/texlive/texmf-dist/tex/latex/multirow/multirow.sty
Package: multirow 2021/03/15 v2.8 Span multiple rows of a table
\multirow@colwidth=\skip56
\multirow@cntb=\count291
\multirow@dima=\skip57
\bigstrutjot=\dimen178
) (/usr/share/texlive/texmf-dist/tex/latex/float/float.sty
Package: float 2001/11/08 v1.3d Float enhancements (AL)
\c@float@type=\count292
\float@exts=\toks23
\float@box=\box63
\@float@everytoks=\toks24
\@floatcapt=\box64
) (/usr/share/texlive/texmf-dist/tex/latex/base/inputenc.sty
Package: inputenc 2021/02/14 v1.3d Input encoding file
\inpenc@prehook=\toks25
\inpenc@posthook=\toks26
) (./packages.sty (/usr/share/texlive/texmf-dist/tex/latex/base/fontenc.sty
Package: fontenc 2021/04/29 v2.0v Standard LaTeX package
) (/usr/share/texlive/texmf-dist/tex/generic/babel/babel.sty
Package: babel 2023/02/13 3.86 The Babel package
\babel@savecnt=\count293
\U@D=\dimen179
\l@unhyphenated=\language86
 (/usr/share/texlive/texmf-dist/tex/generic/babel/txtbabel.def)
\bbl@readstream=\read2
\bbl@dirlevel=\count294
 (/usr/share/texlive/texmf-dist/tex/generic/babel-german/ngerman.ldf
Language: ngerman 2021/02/27 v2.13 German support for babel (post-1996 orthography)
 (/usr/share/texlive/texmf-dist/tex/generic/babel-german/ngermanb.ldf
Language: ngermanb 2021/02/27 v2.13 German support for babel (post-1996 orthography)
Package babel Info: Making " an active character on input line 122.
))) (/usr/share/texlive/texmf-dist/tex/generic/babel/locale/de/babel-ngerman.tex
Package babel Info: Importing font and identification data for ngerman
(babel)             from babel-de.ini. Reported on input line 11.
) (/usr/share/texlive/texmf-dist/tex/latex/newtx/newtxtext.sty
Package: newtxtext 2022/02/28 v1.71(Michael Sharpe) latex and unicode latex support for TeXGyreTermesX
 `newtxtext' v1.71, 2022/02/28 Text macros taking advantage of TeXGyre Termes and its extensions (msharpe) (/usr/share/texlive/texmf-dist/tex/latex/xkeyval/xkeyval.sty
Package: xkeyval 2022/06/16 v2.9 package option processing (HA)
 (/usr/share/texlive/texmf-dist/tex/generic/xkeyval/xkeyval.tex (/usr/share/texlive/texmf-dist/tex/generic/xkeyval/xkvutils.tex
\XKV@toks=\toks27
\XKV@tempa@toks=\toks28
)
\XKV@depth=\count295
File: xkeyval.tex 2014/12/03 v2.7a key=value parser (HA)
)) (/usr/share/texlive/texmf-dist/tex/latex/base/textcomp.sty
Package: textcomp 2020/02/02 v2.0n Standard LaTeX package
) (/usr/share/texlive/texmf-dist/tex/generic/xstring/xstring.sty (/usr/share/texlive/texmf-dist/tex/generic/xstring/xstring.tex
\integerpart=\count296
\decimalpart=\count297
)
Package: xstring 2023/01/14 v1.85 String manipulations (CT)
) (/usr/share/texlive/texmf-dist/tex/latex/base/ifthen.sty
Package: ifthen 2022/04/13 v1.1d Standard LaTeX ifthen package (DPC)
) (/usr/share/texlive/texmf-dist/tex/latex/carlisle/scalefnt.sty)
LaTeX Font Info:    Setting ntxLF sub-encoding to TS1/0 on input line 21.
LaTeX Font Info:    Setting ntxTLF sub-encoding to TS1/0 on input line 21.
LaTeX Font Info:    Setting ntxOsF sub-encoding to TS1/0 on input line 21.
LaTeX Font Info:    Setting ntxTOsF sub-encoding to TS1/0 on input line 21.
 (/usr/share/texlive/texmf-dist/tex/generic/kastrup/binhex.tex)
\ntx@tmpcnta=\count298
\ntx@cnt=\count299

ntx@otftextfalse
(/usr/share/texlive/texmf-dist/tex/latex/fontaxes/fontaxes.sty
Package: fontaxes 2020/07/21 v1.0e Font selection axes
LaTeX Info: Redefining \upshape on input line 29.
LaTeX Info: Redefining \itshape on input line 31.
LaTeX Info: Redefining \slshape on input line 33.
LaTeX Info: Redefining \swshape on input line 35.
LaTeX Info: Redefining \scshape on input line 37.
LaTeX Info: Redefining \sscshape on input line 39.
LaTeX Info: Redefining \ulcshape on input line 41.
LaTeX Info: Redefining \textsw on input line 47.
LaTeX Info: Redefining \textssc on input line 48.
LaTeX Info: Redefining \textulc on input line 49.
)
LaTeX Info: Redefining \oldstylenums on input line 657.
) (/usr/share/texlive/texmf-dist/tex/latex/newtx/newtxmath.sty
Package: newtxmath 2022/01/16 v1.71
 `newtxmath' v1.71, 2022/01/16 Math macros based originally on txfonts (msharpe) (/usr/share/texlive/texmf-dist/tex/generic/iftex/ifxetex.sty
Package: ifxetex 2019/10/25 v0.7 ifxetex legacy package. Use iftex instead.
) (/usr/share/texlive/texmf-dist/tex/generic/iftex/ifluatex.sty
Package: ifluatex 2019/10/25 v1.5 ifluatex legacy package. Use iftex instead.
) (/usr/share/texlive/texmf-dist/tex/latex/oberdiek/centernot.sty
Package: centernot 2016/05/16 v1.4 Centers the not symbol horizontally (HO)
)
\tx@cntz=\count300
 (/usr/share/texlive/texmf-dist/tex/generic/kastrup/binhex.tex)
\tx@Isdigit=\count301
\tx@IsAlNum=\count302
\tx@tA=\toks29
\tx@tB=\toks30
\tx@su=\read3

amsthm NOT loaded
LaTeX Font Info:    Redeclaring symbol font `operators' on input line 376.
LaTeX Font Info:    Overwriting symbol font `operators' in version `normal'
(Font)                  OT1/cmr/m/n --> OT1/minntx/m/n on input line 376.
LaTeX Font Info:    Overwriting symbol font `operators' in version `bold'
(Font)                  OT1/cmr/bx/n --> OT1/minntx/m/n on input line 376.
LaTeX Font Info:    Overwriting symbol font `operators' in version `bold'
(Font)                  OT1/minntx/m/n --> OT1/minntx/b/n on input line 377.
LaTeX Font Info:    Redeclaring math alphabet \mathsf on input line 383.
LaTeX Font Info:    Overwriting math alphabet `\mathsf' in version `normal'
(Font)                  OT1/cmss/m/n --> T1/qhv/m/n on input line 383.
LaTeX Font Info:    Overwriting math alphabet `\mathsf' in version `bold'
(Font)                  OT1/cmss/bx/n --> T1/qhv/m/n on input line 383.
LaTeX Font Info:    Redeclaring math alphabet \mathit on input line 384.
LaTeX Font Info:    Overwriting math alphabet `\mathit' in version `normal'
(Font)                  OT1/cmr/m/it --> OT1/minntx/m/it on input line 384.
LaTeX Font Info:    Overwriting math alphabet `\mathit' in version `bold'
(Font)                  OT1/cmr/bx/it --> OT1/minntx/m/it on input line 384.
LaTeX Font Info:    Redeclaring math alphabet \mathtt on input line 385.
LaTeX Font Info:    Overwriting math alphabet `\mathtt' in version `normal'
(Font)                  OT1/cmtt/m/n --> T1/ntxtt/m/n on input line 385.
LaTeX Font Info:    Overwriting math alphabet `\mathtt' in version `bold'
(Font)                  OT1/cmtt/m/n --> T1/ntxtt/m/n on input line 385.
LaTeX Font Info:    Redeclaring math alphabet \mathbf on input line 387.
LaTeX Font Info:    Overwriting math alphabet `\mathbf' in version `normal'
(Font)                  OT1/cmr/bx/n --> OT1/minntx/b/n on input line 387.
LaTeX Font Info:    Overwriting math alphabet `\mathbf' in version `bold'
(Font)                  OT1/cmr/bx/n --> OT1/minntx/b/n on input line 387.
LaTeX Font Info:    Overwriting math alphabet `\mathit' in version `bold'
(Font)                  OT1/minntx/m/it --> OT1/minntx/b/it on input line 388.
LaTeX Font Info:    Overwriting math alphabet `\mathsf' in version `bold'
(Font)                  T1/qhv/m/n --> T1/qhv/b/n on input line 389.
LaTeX Font Info:    Overwriting math alphabet `\mathtt' in version `bold'
(Font)                  T1/ntxtt/m/n --> T1/ntxtt/b/n on input line 390.
LaTeX Font Info:    Redeclaring symbol font `letters' on input line 491.
LaTeX Font Info:    Overwriting symbol font `letters' in version `normal'
(Font)                  OML/cmm/m/it --> OML/ntxmi/m/it on input line 491.
LaTeX Font Info:    Overwriting symbol font `letters' in version `bold'
(Font)                  OML/cmm/b/it --> OML/ntxmi/m/it on input line 491.
LaTeX Font Info:    Overwriting symbol font `letters' in version `bold'
(Font)                  OML/ntxmi/m/it --> OML/ntxmi/b/it on input line 492.
\symlettersA=\mathgroup4
LaTeX Font Info:    Overwriting symbol font `lettersA' in version `bold'
(Font)                  U/ntxmia/m/it --> U/ntxmia/b/it on input line 547.
Now handling font encoding LMS ...
... no UTF-8 mapping file for font encoding LMS
LaTeX Font Info:    Redeclaring symbol font `symbols' on input line 568.
LaTeX Font Info:    Encoding `OMS' has changed to `LMS' for symbol font
(Font)              `symbols' in the math version `normal' on input line 568.
LaTeX Font Info:    Overwriting symbol font `symbols' in version `normal'
(Font)                  OMS/cmsy/m/n --> LMS/ntxsy/m/n on input line 568.
LaTeX Font Info:    Encoding `OMS' has changed to `LMS' for symbol font
(Font)              `symbols' in the math version `bold' on input line 568.
LaTeX Font Info:    Overwriting symbol font `symbols' in version `bold'
(Font)                  OMS/cmsy/b/n --> LMS/ntxsy/m/n on input line 568.
LaTeX Font Info:    Overwriting symbol font `symbols' in version `bold'
(Font)                  LMS/ntxsy/m/n --> LMS/ntxsy/b/n on input line 569.
\symAMSm=\mathgroup5
LaTeX Font Info:    Overwriting symbol font `AMSm' in version `bold'
(Font)                  U/ntxsym/m/n --> U/ntxsym/b/n on input line 594.
\symsymbolsC=\mathgroup6
LaTeX Font Info:    Overwriting symbol font `symbolsC' in version `bold'
(Font)                  U/ntxsyc/m/n --> U/ntxsyc/b/n on input line 615.
Now handling font encoding LMX ...
... no UTF-8 mapping file for font encoding LMX
LaTeX Font Info:    Redeclaring symbol font `largesymbols' on input line 628.
LaTeX Font Info:    Encoding `OMX' has changed to `LMX' for symbol font
(Font)              `largesymbols' in the math version `normal' on input line 628.
LaTeX Font Info:    Overwriting symbol font `largesymbols' in version `normal'
(Font)                  OMX/cmex/m/n --> LMX/ntxexx/m/n on input line 628.
LaTeX Font Info:    Encoding `OMX' has changed to `LMX' for symbol font
(Font)              `largesymbols' in the math version `bold' on input line 628.
LaTeX Font Info:    Overwriting symbol font `largesymbols' in version `bold'
(Font)                  OMX/cmex/m/n --> LMX/ntxexx/m/n on input line 628.
LaTeX Font Info:    Overwriting symbol font `largesymbols' in version `bold'
(Font)                  LMX/ntxexx/m/n --> LMX/ntxexx/b/n on input line 629.
\symlargesymbolsTXA=\mathgroup7
LaTeX Font Info:    Overwriting symbol font `largesymbolsTXA' in version `bold'
(Font)                  U/ntxexa/m/n --> U/ntxexa/b/n on input line 643.
\tx@sbptoks=\toks31
LaTeX Font Info:    Redeclaring math delimiter \lfloor on input line 866.
LaTeX Font Info:    Redeclaring math delimiter \rfloor on input line 867.
LaTeX Font Info:    Redeclaring math delimiter \lceil on input line 868.
LaTeX Font Info:    Redeclaring math delimiter \rceil on input line 869.
LaTeX Font Info:    Redeclaring math delimiter \lbrace on input line 870.
LaTeX Font Info:    Redeclaring math delimiter \rbrace on input line 871.
LaTeX Font Info:    Redeclaring math delimiter \langle on input line 872.
LaTeX Font Info:    Redeclaring math delimiter \rangle on input line 874.
LaTeX Font Info:    Redeclaring math delimiter \arrowvert on input line 878.
LaTeX Font Info:    Redeclaring math delimiter \vert on input line 879.
LaTeX Font Info:    Redeclaring math symbol \hbar on input line 925.
LaTeX Font Info:    Redeclaring math accent \dot on input line 950.
LaTeX Font Info:    Redeclaring math accent \ddot on input line 951.
LaTeX Font Info:    Redeclaring math accent \vec on input line 2020.
LaTeX Info: Redefining \Bbbk on input line 2810.
LaTeX Info: Redefining \not on input line 2959.
) (/usr/share/texlive/texmf-dist/tex/latex/tools/bm.sty
Package: bm 2022/01/05 v1.2f Bold Symbol Support (DPC/FMi)
\symboldoperators=\mathgroup8
\symboldletters=\mathgroup9
\symboldsymbols=\mathgroup10
\symboldlargesymbols=\mathgroup11
LaTeX Font Info:    Redeclaring math alphabet \mathbf on input line 149.
) (/usr/share/texlive/texmf-dist/tex/latex/mathtools/mathtools.sty
Package: mathtools 2022/06/29 v1.29 mathematical typesetting tools
 (/usr/share/texlive/texmf-dist/tex/latex/tools/calc.sty
Package: calc 2017/05/25 v4.3 Infix arithmetic (KKT,FJ)
\calc@Acount=\count303
\calc@Bcount=\count304
\calc@Adimen=\dimen180
\calc@Bdimen=\dimen181
\calc@Askip=\skip58
\calc@Bskip=\skip59
LaTeX Info: Redefining \setlength on input line 80.
LaTeX Info: Redefining \addtolength on input line 81.
\calc@Ccount=\count305
\calc@Cskip=\skip60
) (/usr/share/texlive/texmf-dist/tex/latex/mathtools/mhsetup.sty
Package: mhsetup 2021/03/18 v1.4 programming setup (MH)
)
\g_MT_multlinerow_int=\count306
\l_MT_multwidth_dim=\dimen182
\origjot=\skip61
\l_MT_shortvdotswithinadjustabove_dim=\dimen183
\l_MT_shortvdotswithinadjustbelow_dim=\dimen184
\l_MT_above_intertext_sep=\dimen185
\l_MT_below_intertext_sep=\dimen186
\l_MT_above_shortintertext_sep=\dimen187
\l_MT_below_shortintertext_sep=\dimen188
\xmathstrut@box=\box65
\xmathstrut@dim=\dimen189
)

Package siunitx Info: Option "separate-uncertainty" has been deprecated in
(siunitx)             this release.
(siunitx)             
(siunitx)             Use "uncertainty-mode = compact" as a replacement.



Package siunitx Warning: Option "round-integer-to-decimal" has been removed in
(siunitx)                this release.

(/usr/share/texlive/texmf-dist/tex/latex/hyperref/hyperref.sty
Package: hyperref 2023-02-07 v7.00v Hypertext links for LaTeX
 (/usr/share/texlive/texmf-dist/tex/latex/kvsetkeys/kvsetkeys.sty
Package: kvsetkeys 2022-10-05 v1.19 Key value parser (HO)
) (/usr/share/texlive/texmf-dist/tex/generic/kvdefinekeys/kvdefinekeys.sty
Package: kvdefinekeys 2019-12-19 v1.6 Define keys (HO)
) (/usr/share/texlive/texmf-dist/tex/generic/pdfescape/pdfescape.sty
Package: pdfescape 2019/12/09 v1.15 Implements pdfTeX's escape features (HO)
) (/usr/share/texlive/texmf-dist/tex/latex/hycolor/hycolor.sty
Package: hycolor 2020-01-27 v1.10 Color options for hyperref/bookmark (HO)
) (/usr/share/texlive/texmf-dist/tex/latex/letltxmacro/letltxmacro.sty
Package: letltxmacro 2019/12/03 v1.6 Let assignment for LaTeX macros (HO)
) (/usr/share/texlive/texmf-dist/tex/latex/auxhook/auxhook.sty
Package: auxhook 2019-12-17 v1.6 Hooks for auxiliary files (HO)
) (/usr/share/texlive/texmf-dist/tex/latex/hyperref/nameref.sty
Package: nameref 2022-05-17 v2.50 Cross-referencing by name of section
 (/usr/share/texlive/texmf-dist/tex/latex/refcount/refcount.sty
Package: refcount 2019/12/15 v3.6 Data extraction from label references (HO)
) (/usr/share/texlive/texmf-dist/tex/generic/gettitlestring/gettitlestring.sty
Package: gettitlestring 2019/12/15 v1.6 Cleanup title references (HO)
 (/usr/share/texlive/texmf-dist/tex/latex/kvoptions/kvoptions.sty
Package: kvoptions 2022-06-15 v3.15 Key value format for package options (HO)
))
\c@section@level=\count307
)
\@linkdim=\dimen190
\Hy@linkcounter=\count308
\Hy@pagecounter=\count309
 (/usr/share/texlive/texmf-dist/tex/latex/hyperref/pd1enc.def
File: pd1enc.def 2023-02-07 v7.00v Hyperref: PDFDocEncoding definition (HO)
Now handling font encoding PD1 ...
... no UTF-8 mapping file for font encoding PD1
) (/usr/share/texlive/texmf-dist/tex/generic/intcalc/intcalc.sty
Package: intcalc 2019/12/15 v1.3 Expandable calculations with integers (HO)
) (/usr/share/texlive/texmf-dist/tex/generic/etexcmds/etexcmds.sty
Package: etexcmds 2019/12/15 v1.7 Avoid name clashes with e-TeX commands (HO)
)
\Hy@SavedSpaceFactor=\count310
 (/usr/share/texlive/texmf-dist/tex/latex/hyperref/puenc.def
File: puenc.def 2023-02-07 v7.00v Hyperref: PDF Unicode definition (HO)
Now handling font encoding PU ...
... no UTF-8 mapping file for font encoding PU
)
Package hyperref Info: Hyper figures OFF on input line 4177.
Package hyperref Info: Link nesting OFF on input line 4182.
Package hyperref Info: Hyper index ON on input line 4185.
Package hyperref Info: Plain pages OFF on input line 4192.
Package hyperref Info: Backreferencing OFF on input line 4197.
Package hyperref Info: Implicit mode ON; LaTeX internals redefined.
Package hyperref Info: Bookmarks ON on input line 4425.
\c@Hy@tempcnt=\count311
 (/usr/share/texlive/texmf-dist/tex/latex/url/url.sty
\Urlmuskip=\muskip17
Package: url 2013/09/16  ver 3.4  Verb mode for urls, etc.
)
LaTeX Info: Redefining \url on input line 4763.
\XeTeXLinkMargin=\dimen191
 (/usr/share/texlive/texmf-dist/tex/generic/bitset/bitset.sty
Package: bitset 2019/12/09 v1.3 Handle bit-vector datatype (HO)
 (/usr/share/texlive/texmf-dist/tex/generic/bigintcalc/bigintcalc.sty
Package: bigintcalc 2019/12/15 v1.5 Expandable calculations on big integers (HO)
))
\Fld@menulength=\count312
\Field@Width=\dimen192
\Fld@charsize=\dimen193
Package hyperref Info: Hyper figures OFF on input line 6042.
Package hyperref Info: Link nesting OFF on input line 6047.
Package hyperref Info: Hyper index ON on input line 6050.
Package hyperref Info: backreferencing OFF on input line 6057.
Package hyperref Info: Link coloring OFF on input line 6062.
Package hyperref Info: Link coloring with OCG OFF on input line 6067.
Package hyperref Info: PDF/A mode OFF on input line 6072.
 (/usr/share/texlive/texmf-dist/tex/latex/base/atbegshi-ltx.sty
Package: atbegshi-ltx 2021/01/10 v1.0c Emulation of the original atbegshi
package with kernel methods
)
\Hy@abspage=\count313
\c@Item=\count314
\c@Hfootnote=\count315
)
Package hyperref Info: Driver (autodetected): hpdftex.
 (/usr/share/texlive/texmf-dist/tex/latex/hyperref/hpdftex.def
File: hpdftex.def 2023-02-07 v7.00v Hyperref driver for pdfTeX
 (/usr/share/texlive/texmf-dist/tex/latex/base/atveryend-ltx.sty
Package: atveryend-ltx 2020/08/19 v1.0a Emulation of the original atveryend package
with kernel methods
)
\Fld@listcount=\count316
\c@bookmark@seq@number=\count317
 (/usr/share/texlive/texmf-dist/tex/latex/rerunfilecheck/rerunfilecheck.sty
Package: rerunfilecheck 2022-07-10 v1.10 Rerun checks for auxiliary files (HO)
 (/usr/share/texlive/texmf-dist/tex/generic/uniquecounter/uniquecounter.sty
Package: uniquecounter 2019/12/15 v1.4 Provide unlimited unique counter (HO)
)
Package uniquecounter Info: New unique counter `rerunfilecheck' on input line 285.
)
\Hy@SectionHShift=\skip62
) (/usr/share/texlive/texmf-dist/tex/latex/oberdiek/hypcap.sty
Package: hypcap 2016/05/16 v1.12 Adjusting the anchors of captions (HO)
) (/usr/share/texlive/texmf-dist/tex/latex/csquotes/csquotes.sty
Package: csquotes 2022-09-14 v5.2n context-sensitive quotations (JAW)
\csq@reset=\count318
\csq@gtype=\count319
\csq@glevel=\count320
\csq@qlevel=\count321
\csq@maxlvl=\count322
\csq@tshold=\count323
\csq@ltx@everypar=\toks32
 (/usr/share/texlive/texmf-dist/tex/latex/csquotes/csquotes.def
File: csquotes.def 2022-09-14 v5.2n csquotes generic definitions (JAW)
)
Package csquotes Info: Trying to load configuration file 'csquotes.cfg'...
Package csquotes Info: ... configuration file loaded successfully.
 (/usr/share/texlive/texmf-dist/tex/latex/csquotes/csquotes.cfg
File: csquotes.cfg 
)
Package csquotes Info: Enabling multilingual quotes.
) (/usr/share/texlive/texmf-dist/tex/latex/biblatex/biblatex.sty
Package: biblatex 2023/03/05 v3.19 programmable bibliographies (PK/MW)
 (/usr/share/texlive/texmf-dist/tex/latex/logreq/logreq.sty
Package: logreq 2010/08/04 v1.0 xml request logger
\lrq@indent=\count324
 (/usr/share/texlive/texmf-dist/tex/latex/logreq/logreq.def
File: logreq.def 2010/08/04 v1.0 logreq spec v1.0
))
\c@tabx@nest=\count325
\c@listtotal=\count326
\c@listcount=\count327
\c@liststart=\count328
\c@liststop=\count329
\c@citecount=\count330
\c@citetotal=\count331
\c@multicitecount=\count332
\c@multicitetotal=\count333
\c@instcount=\count334
\c@maxnames=\count335
\c@minnames=\count336
\c@maxitems=\count337
\c@minitems=\count338
\c@citecounter=\count339
\c@maxcitecounter=\count340
\c@savedcitecounter=\count341
\c@uniquelist=\count342
\c@uniquename=\count343
\c@refsection=\count344
\c@refsegment=\count345
\c@maxextratitle=\count346
\c@maxextratitleyear=\count347
\c@maxextraname=\count348
\c@maxextradate=\count349
\c@maxextraalpha=\count350
\c@abbrvpenalty=\count351
\c@highnamepenalty=\count352
\c@lownamepenalty=\count353
\c@maxparens=\count354
\c@parenlevel=\count355
\blx@tempcnta=\count356
\blx@tempcntb=\count357
\blx@tempcntc=\count358
\c@blx@maxsection=\count359
\blx@maxsegment@0=\count360
\blx@notetype=\count361
\blx@parenlevel@text=\count362
\blx@parenlevel@foot=\count363
\blx@sectionciteorder@0=\count364
\blx@sectionciteorderinternal@0=\count365
\blx@entrysetcounter=\count366
\blx@biblioinstance=\count367
\labelnumberwidth=\skip63
\labelalphawidth=\skip64
\biblabelsep=\skip65
\bibitemsep=\skip66
\bibnamesep=\skip67
\bibinitsep=\skip68
\bibparsep=\skip69
\bibhang=\skip70
\blx@bcfin=\read4
\blx@bcfout=\write3
\blx@langwohyphens=\language87
\c@mincomprange=\count368
\c@maxcomprange=\count369
\c@mincompwidth=\count370
Package biblatex Info: Trying to load biblatex default data model...
Package biblatex Info: ... file 'blx-dm.def' found.
 (/usr/share/texlive/texmf-dist/tex/latex/biblatex/blx-dm.def
File: blx-dm.def 2023/03/05 v3.19 biblatex localization (PK/MW)
)
Package biblatex Info: Trying to load biblatex style data model...
Package biblatex Info: ... file 'numeric.dbx' not found.
Package biblatex Info: Trying to load biblatex custom data model...
Package biblatex Info: ... file 'biblatex-dm.cfg' not found.
\c@afterword=\count371
\c@savedafterword=\count372
\c@annotator=\count373
\c@savedannotator=\count374
\c@author=\count375
\c@savedauthor=\count376
\c@bookauthor=\count377
\c@savedbookauthor=\count378
\c@commentator=\count379
\c@savedcommentator=\count380
\c@editor=\count381
\c@savededitor=\count382
\c@editora=\count383
\c@savededitora=\count384
\c@editorb=\count385
\c@savededitorb=\count386
\c@editorc=\count387
\c@savededitorc=\count388
\c@foreword=\count389
\c@savedforeword=\count390
\c@holder=\count391
\c@savedholder=\count392
\c@introduction=\count393
\c@savedintroduction=\count394
\c@namea=\count395
\c@savednamea=\count396
\c@nameb=\count397
\c@savednameb=\count398
\c@namec=\count399
\c@savednamec=\count400
\c@translator=\count401
\c@savedtranslator=\count402
\c@shortauthor=\count403
\c@savedshortauthor=\count404
\c@shorteditor=\count405
\c@savedshorteditor=\count406
\c@labelname=\count407
\c@savedlabelname=\count408
\c@institution=\count409
\c@savedinstitution=\count410
\c@lista=\count411
\c@savedlista=\count412
\c@listb=\count413
\c@savedlistb=\count414
\c@listc=\count415
\c@savedlistc=\count416
\c@listd=\count417
\c@savedlistd=\count418
\c@liste=\count419
\c@savedliste=\count420
\c@listf=\count421
\c@savedlistf=\count422
\c@location=\count423
\c@savedlocation=\count424
\c@organization=\count425
\c@savedorganization=\count426
\c@origlocation=\count427
\c@savedoriglocation=\count428
\c@origpublisher=\count429
\c@savedorigpublisher=\count430
\c@publisher=\count431
\c@savedpublisher=\count432
\c@language=\count433
\c@savedlanguage=\count434
\c@origlanguage=\count435
\c@savedoriglanguage=\count436
\c@pageref=\count437
\c@savedpageref=\count438
\shorthandwidth=\skip71
\shortjournalwidth=\skip72
\shortserieswidth=\skip73
\shorttitlewidth=\skip74
\shortauthorwidth=\skip75
\shorteditorwidth=\skip76
\locallabelnumberwidth=\skip77
\locallabelalphawidth=\skip78
\localshorthandwidth=\skip79
\localshortjournalwidth=\skip80
\localshortserieswidth=\skip81
\localshorttitlewidth=\skip82
\localshortauthorwidth=\skip83
\localshorteditorwidth=\skip84
Package biblatex Info: Trying to load compatibility code...
Package biblatex Info: ... file 'blx-compat.def' found.
 (/usr/share/texlive/texmf-dist/tex/latex/biblatex/blx-compat.def
File: blx-compat.def 2023/03/05 v3.19 biblatex compatibility (PK/MW)
)
Package biblatex Info: Trying to load generic definitions...
Package biblatex Info: ... file 'biblatex.def' found.
 (/usr/share/texlive/texmf-dist/tex/latex/biblatex/biblatex.def
File: biblatex.def 2023/03/05 v3.19 biblatex compatibility (PK/MW)
\c@textcitecount=\count439
\c@textcitetotal=\count440
\c@textcitemaxnames=\count441
\c@biburlbigbreakpenalty=\count442
\c@biburlbreakpenalty=\count443
\c@biburlnumpenalty=\count444
\c@biburlucpenalty=\count445
\c@biburllcpenalty=\count446
\biburlbigskip=\muskip18
\biburlnumskip=\muskip19
\biburlucskip=\muskip20
\biburllcskip=\muskip21
\c@smartand=\count447
)
Package biblatex Info: Trying to load bibliography style 'numeric'...
Package biblatex Info: ... file 'numeric.bbx' found.
 (/usr/share/texlive/texmf-dist/tex/latex/biblatex/bbx/numeric.bbx
File: numeric.bbx 2023/03/05 v3.19 biblatex bibliography style (PK/MW)
Package biblatex Info: Trying to load bibliography style 'standard'...
Package biblatex Info: ... file 'standard.bbx' found.
 (/usr/share/texlive/texmf-dist/tex/latex/biblatex/bbx/standard.bbx
File: standard.bbx 2023/03/05 v3.19 biblatex bibliography style (PK/MW)
\c@bbx:relatedcount=\count448
\c@bbx:relatedtotal=\count449
))
Package biblatex Info: Trying to load citation style 'numeric'...
Package biblatex Info: ... file 'numeric.cbx' found.
 (/usr/share/texlive/texmf-dist/tex/latex/biblatex/cbx/numeric.cbx
File: numeric.cbx 2023/03/05 v3.19 biblatex citation style (PK/MW)
Package biblatex Info: Redefining '\cite'.
Package biblatex Info: Redefining '\parencite'.
Package biblatex Info: Redefining '\footcite'.
Package biblatex Info: Redefining '\footcitetext'.
Package biblatex Info: Redefining '\smartcite'.
Package biblatex Info: Redefining '\supercite'.
Package biblatex Info: Redefining '\textcite'.
Package biblatex Info: Redefining '\textcites'.
Package biblatex Info: Redefining '\cites'.
Package biblatex Info: Redefining '\parencites'.
Package biblatex Info: Redefining '\smartcites'.
)
Package biblatex Info: Trying to load configuration file...
Package biblatex Info: ... file 'biblatex.cfg' found.
 (/usr/share/texlive/texmf-dist/tex/latex/biblatex/biblatex.cfg
File: biblatex.cfg 
)
Package biblatex Info: Input encoding 'utf8' detected.
Package biblatex Info: Document encoding is UTF8 ....
 (/usr/share/texlive/texmf-dist/tex/latex/l3kernel/expl3.sty
Package: expl3 2023-02-22 L3 programming layer (loader) 
 (/usr/share/texlive/texmf-dist/tex/latex/l3backend/l3backend-pdftex.def
File: l3backend-pdftex.def 2023-01-16 L3 backend support: PDF output (pdfTeX)
\l__color_backend_stack_int=\count450
\l__pdf_internal_box=\box66
))
Package biblatex Info: ... and expl3
(biblatex)             2023-02-22 L3 programming layer (loader) 
(biblatex)             is new enough (at least 2020/04/06),
(biblatex)             setting 'casechanger=expl3'.
 (/usr/share/texlive/texmf-dist/tex/latex/biblatex/blx-case-expl3.sty (/usr/share/texlive/texmf-dist/tex/latex/l3packages/xparse/xparse.sty
Package: xparse 2023-02-02 L3 Experimental document command parser
)
Package: blx-case-expl3 2023/03/05 v3.19 expl3 case changing code for biblatex
)) (/usr/share/texlive/texmf-dist/tex/latex/graphics/graphicx.sty
Package: graphicx 2021/09/16 v1.2d Enhanced LaTeX Graphics (DPC,SPQR)
 (/usr/share/texlive/texmf-dist/tex/latex/graphics/graphics.sty
Package: graphics 2022/03/10 v1.4e Standard LaTeX Graphics (DPC,SPQR)
 (/usr/share/texlive/texmf-dist/tex/latex/graphics/trig.sty
Package: trig 2021/08/11 v1.11 sin cos tan (DPC)
) (/usr/share/texlive/texmf-dist/tex/latex/graphics-cfg/graphics.cfg
File: graphics.cfg 2016/06/04 v1.11 sample graphics configuration
)
Package graphics Info: Driver file: pdftex.def on input line 107.
 (/usr/share/texlive/texmf-dist/tex/latex/graphics-def/pdftex.def
File: pdftex.def 2022/09/22 v1.2b Graphics/color driver for pdftex
))
\Gin@req@height=\dimen194
\Gin@req@width=\dimen195
) (/usr/share/texlive/texmf-dist/tex/latex/caption/subcaption.sty
Package: subcaption 2023/02/19 v1.6 Sub-captions (AR)
Package caption Info: New subtype `subfigure' on input line 239.
\c@subfigure=\count451
Package caption Info: New subtype `subtable' on input line 239.
\c@subtable=\count452
) (/usr/share/texlive/texmf-dist/tex/latex/geometry/geometry.sty
Package: geometry 2020/01/02 v5.9 Page Geometry
 (/usr/share/texlive/texmf-dist/tex/generic/iftex/ifvtex.sty
Package: ifvtex 2019/10/25 v1.7 ifvtex legacy package. Use iftex instead.
)
\Gm@cnth=\count453
\Gm@cntv=\count454
\c@Gm@tempcnt=\count455
\Gm@bindingoffset=\dimen196
\Gm@wd@mp=\dimen197
\Gm@odd@mp=\dimen198
\Gm@even@mp=\dimen199
\Gm@layoutwidth=\dimen256
\Gm@layoutheight=\dimen257
\Gm@layouthoffset=\dimen258
\Gm@layoutvoffset=\dimen259
\Gm@dimlist=\toks33
) (/usr/share/texlive/texmf-dist/tex/latex/wrapfig/wrapfig.sty
\wrapoverhang=\dimen260
\WF@size=\dimen261
\c@WF@wrappedlines=\count456
\WF@box=\box67
\WF@everypar=\toks34
Package: wrapfig 2003/01/31  v 3.6
) (/usr/share/texlive/texmf-dist/tex/latex/needspace/needspace.sty
Package: needspace 2010/09/12 v1.3d reserve vertical space
)) (./makros.sty)
LaTeX Font Info:    Trying to load font information for T1+ntxtlf on input line 23.
 (/usr/share/texlive/texmf-dist/tex/latex/newtx/t1ntxtlf.fd
File: t1ntxtlf.fd 2021/05/24 v1.1 font definition file for T1/ntx/tlf
)
LaTeX Font Info:    Font shape `T1/ntxtlf/m/n' will be
(Font)              scaled to size 10.0pt on input line 23.
Package csquotes Info: Checking for multilingual support...
Package csquotes Info: ... found 'babel' package.
 (out/main.aux

LaTeX Warning: Label `fig:Intens1' multiply defined.


LaTeX Warning: Label `fig:Intens1' multiply defined.


LaTeX Warning: Label `fig:Intens1' multiply defined.


LaTeX Warning: Label `fig:Intens1' multiply defined.


LaTeX Warning: Label `fig:Intens1' multiply defined.


LaTeX Warning: Label `fig:frequ_kaskode' multiply defined.


LaTeX Warning: Label `sub@fig:frequ_kaskode' multiply defined.


LaTeX Warning: Label `fig:Intens1' multiply defined.


LaTeX Warning: Label `tab:energieaufspaltung' multiply defined.


LaTeX Warning: Label `fig:Intens1' multiply defined.


LaTeX Warning: Label `fig:Intens1' multiply defined.

)
\openout1 = `main.aux'.

LaTeX Font Info:    Checking defaults for OML/ntxmi/m/it on input line 23.
LaTeX Font Info:    Trying to load font information for OML+ntxmi on input line 23.
 (/usr/share/texlive/texmf-dist/tex/latex/newtx/omlntxmi.fd
File: omlntxmi.fd 2015/08/25 Fontinst v1.933 font definitions for OML/ntxmi.
)
LaTeX Font Info:    ... okay on input line 23.
LaTeX Font Info:    Checking defaults for OMS/cmsy/m/n on input line 23.
LaTeX Font Info:    ... okay on input line 23.
LaTeX Font Info:    Checking defaults for OT1/cmr/m/n on input line 23.
LaTeX Font Info:    ... okay on input line 23.
LaTeX Font Info:    Checking defaults for T1/cmr/m/n on input line 23.
LaTeX Font Info:    ... okay on input line 23.
LaTeX Font Info:    Checking defaults for TS1/cmr/m/n on input line 23.
LaTeX Font Info:    ... okay on input line 23.
LaTeX Font Info:    Checking defaults for OMX/cmex/m/n on input line 23.
LaTeX Font Info:    ... okay on input line 23.
LaTeX Font Info:    Checking defaults for U/ntxexa/m/n on input line 23.
LaTeX Font Info:    Trying to load font information for U+ntxexa on input line 23.
 (/usr/share/texlive/texmf-dist/tex/latex/newtx/untxexa.fd
File: untxexa.fd 2012/04/16 Fontinst v1.933 font definitions for U/ntxexa.
)
LaTeX Font Info:    ... okay on input line 23.
LaTeX Font Info:    Checking defaults for LMS/ntxsy/m/n on input line 23.
LaTeX Font Info:    Trying to load font information for LMS+ntxsy on input line 23.
 (/usr/share/texlive/texmf-dist/tex/latex/newtx/lmsntxsy.fd
File: lmsntxsy.fd 2016/07/02 Fontinst v1.933 font definitions for LMS/ntxsy.
)
LaTeX Font Info:    ... okay on input line 23.
LaTeX Font Info:    Checking defaults for LMX/ntxexx/m/n on input line 23.
LaTeX Font Info:    Trying to load font information for LMX+ntxexx on input line 23.
 (/usr/share/texlive/texmf-dist/tex/latex/newtx/lmxntxexx.fd
File: lmxntxexx.fd 2016/07/03 Fontinst v1.933 font definitions for LMX/ntxexx.
)
LaTeX Font Info:    ... okay on input line 23.
LaTeX Font Info:    Checking defaults for PD1/pdf/m/n on input line 23.
LaTeX Font Info:    ... okay on input line 23.
LaTeX Font Info:    Checking defaults for PU/pdf/m/n on input line 23.
LaTeX Font Info:    ... okay on input line 23.
 (/usr/share/texlive/texmf-dist/tex/latex/graphics/color.sty
Package: color 2022/01/06 v1.3d Standard LaTeX Color (DPC)
 (/usr/share/texlive/texmf-dist/tex/latex/graphics-cfg/color.cfg
File: color.cfg 2016/01/02 v1.6 sample color configuration
)
Package color Info: Driver file: pdftex.def on input line 149.
 (/usr/share/texlive/texmf-dist/tex/latex/graphics/mathcolor.ltx)) (/usr/share/texlive/texmf-dist/tex/latex/translations/translations-basic-dictionary-german.trsl
File: translations-basic-dictionary-german.trsl (german translation file `translations-basic-dictionary')
)
Package translations Info: loading dictionary `translations-basic-dictionary' for `german'. on input line 23.
LaTeX Info: Command `\dddot' is already robust on input line 23.
LaTeX Info: Command `\ddddot' is already robust on input line 23.
Package caption Info: Begin \AtBeginDocument code.
Package caption Info: float package is loaded.
Package caption Info: hyperref package is loaded.
Package caption Info: hypcap package is loaded.
Package caption Info: wrapfig package is loaded.
Package caption Info: End \AtBeginDocument code.
\c@mv@tabular=\count457
\c@mv@boldtabular=\count458
Package hyperref Info: Link coloring OFF on input line 23.
 (out/main.out) (out/main.out)
\@outlinefile=\write4
\openout4 = `main.out'.

Package biblatex Info: Trying to load language 'ngerman'...
Package biblatex Info: ... file 'ngerman.lbx' found.
 (/usr/share/texlive/texmf-dist/tex/latex/biblatex/lbx/ngerman.lbx
File: ngerman.lbx 2023/03/05 v3.19 biblatex localization (PK/MW)
Package biblatex Info: Trying to load language 'german'...
Package biblatex Info: ... file 'german.lbx' found.
 (/usr/share/texlive/texmf-dist/tex/latex/biblatex/lbx/german.lbx
File: german.lbx 2023/03/05 v3.19 biblatex localization (PK/MW)
)
Package biblatex Info: Trying to load language 'german'...
Package biblatex Info: ... file 'german.lbx' found.
 (/usr/share/texlive/texmf-dist/tex/latex/biblatex/lbx/german.lbx
File: german.lbx 2023/03/05 v3.19 biblatex localization (PK/MW)
))
Package biblatex Info: Input encoding 'utf8' detected.
Package biblatex Info: Automatic encoding selection.
(biblatex)             Assuming data encoding 'utf8'.
\openout3 = `main.bcf'.

Package biblatex Info: Trying to load bibliographic data...
Package biblatex Info: ... file 'main.bbl' found.
 (out/main.bbl

Package biblatex Warning: The following entry could not be found
(biblatex)                in the database:
(biblatex)                Spektroskopie mit einem Fabry-Perot-Etalon
(biblatex)                Please verify the spelling and rerun
(biblatex)                LaTeX afterwards.

)
Package biblatex Info: Reference section=0 on input line 23.
Package biblatex Info: Reference segment=0 on input line 23.
 (/usr/share/texlive/texmf-dist/tex/context/base/mkii/supp-pdf.mkii
[Loading MPS to PDF converter (version 2006.09.02).]
\scratchcounter=\count459
\scratchdimen=\dimen262
\scratchbox=\box68
\nofMPsegments=\count460
\nofMParguments=\count461
\everyMPshowfont=\toks35
\MPscratchCnt=\count462
\MPscratchDim=\dimen263
\MPnumerator=\count463
\makeMPintoPDFobject=\count464
\everyMPtoPDFconversion=\toks36
) (/usr/share/texlive/texmf-dist/tex/latex/epstopdf-pkg/epstopdf-base.sty
Package: epstopdf-base 2020-01-24 v2.11 Base part for package epstopdf
Package epstopdf-base Info: Redefining graphics rule for `.eps' on input line 485.
 (/usr/share/texlive/texmf-dist/tex/latex/latexconfig/epstopdf-sys.cfg
File: epstopdf-sys.cfg 2010/07/13 v1.3 Configuration of (r)epstopdf for TeX Live
))
*geometry* driver: auto-detecting
*geometry* detected driver: pdftex
*geometry* verbose mode - [ preamble ] result:
* driver: pdftex
* paper: a4paper
* layout: <same size as paper>
* layoutoffset:(h,v)=(0.0pt,0.0pt)
* modes: 
* h-part:(L,W,R)=(42.67912pt, 512.14963pt, 42.67912pt)
* v-part:(T,H,B)=(71.13188pt, 672.50832pt, 101.40665pt)
* \paperwidth=597.50787pt
* \paperheight=845.04684pt
* \textwidth=512.14963pt
* \textheight=672.50832pt
* \oddsidemargin=-29.59087pt
* \evensidemargin=-29.59087pt
* \topmargin=-38.1381pt
* \headheight=12.0pt
* \headsep=25.0pt
* \topskip=10.0pt
* \footskip=30.0pt
* \marginparwidth=65.0pt
* \marginparsep=11.0pt
* \columnsep=10.0pt
* \skip\footins=9.0pt plus 4.0pt minus 2.0pt
* \hoffset=0.0pt
* \voffset=0.0pt
* \mag=1000
* \@twocolumnfalse
* \@twosidefalse
* \@mparswitchfalse
* \@reversemarginfalse
* (1in=72.27pt=25.4mm, 1cm=28.453pt)

LaTeX Font Info:    Font shape `T1/ntxtlf/m/n' will be
(Font)              scaled to size 17.28pt on input line 26.
LaTeX Font Info:    Font shape `T1/ntxtlf/b/n' will be
(Font)              scaled to size 17.28pt on input line 26.
LaTeX Font Info:    Font shape `T1/ntxtlf/m/n' will be
(Font)              scaled to size 12.0pt on input line 26.
LaTeX Font Info:    Trying to load font information for OT1+minntx on input line 26.
(/usr/share/texlive/texmf-dist/tex/latex/newtx/ot1minntx.fd
File: ot1minntx.fd 2022/01/20 v1.0 font definition file for OT1/minntx
)
LaTeX Font Info:    Trying to load font information for U+ntxmia on input line 26.
 (/usr/share/texlive/texmf-dist/tex/latex/newtx/untxmia.fd
File: untxmia.fd 2018/04/14 Fontinst v1.933 font definitions for U/ntxmia.
)
LaTeX Font Info:    Trying to load font information for U+ntxsym on input line 26.
 (/usr/share/texlive/texmf-dist/tex/latex/newtx/untxsym.fd
File: untxsym.fd 2015/03/20 Fontinst v1.933 font definitions for U/ntxsym.
)
LaTeX Font Info:    Trying to load font information for U+ntxsyc on input line 26.
 (/usr/share/texlive/texmf-dist/tex/latex/newtx/untxsyc.fd
File: untxsyc.fd 2012/04/12 Fontinst v1.933 font definitions for U/ntxsyc.
)
LaTeX Font Info:    Font shape `T1/ntxtlf/m/n' will be
(Font)              scaled to size 14.4pt on input line 26.
LaTeX Font Info:    Font shape `T1/ntxtlf/b/n' will be
(Font)              scaled to size 14.4pt on input line 26.
 (out/main.toc
LaTeX Font Info:    Font shape `T1/ntxtlf/b/n' will be
(Font)              scaled to size 10.0pt on input line 2.
)
\tf@toc=\write5
\openout5 = `main.toc'.

 [1

{/var/lib/texmf/fonts/map/pdftex/updmap/pdftex.map}{/usr/share/texlive/texmf-dist/fonts/enc/dvips/newtx/ntx-ec-tlf.enc}{/usr/share/texlive/texmf-dist/fonts/enc/dvips/newtx/ntx-ot1-tlf.enc}] (./01_Einleitung.tex
Underfull \hbox (badness 10000) in paragraph at lines 2--3

 []


Underfull \hbox (badness 10000) in paragraph at lines 4--5

 []

LaTeX Font Info:    Trying to load font information for T1+ntxtt on input line 6.
(/usr/share/texlive/texmf-dist/tex/latex/newtx/t1ntxtt.fd
File: t1ntxtt.fd 2012/04/20 v3.1
)
LaTeX Font Info:    Font shape `T1/ntxtt/m/n' will be
(Font)              scaled to size 10.0pt on input line 6.

Underfull \hbox (badness 10000) in paragraph at lines 6--7

 []

LaTeX Font Info:    Font shape `T1/ntxtlf/b/n' will be
(Font)              scaled to size 12.0pt on input line 8.
LaTeX Font Info:    Font shape `T1/ntxtlf/m/n' will be
(Font)              scaled to size 7.3pt on input line 21.
LaTeX Font Info:    Font shape `T1/ntxtlf/m/n' will be
(Font)              scaled to size 5.5pt on input line 21.
) (./03_aufgabe_1.tex
Underfull \hbox (badness 10000) in paragraph at lines 5--6

 []

[2]
<figs/Zeeman_Aufbau.png, id=143, 764.8575pt x 371.3875pt>
File: figs/Zeeman_Aufbau.png Graphic file (type png)
<use figs/Zeeman_Aufbau.png>
Package pdftex.def Info: figs/Zeeman_Aufbau.png  used on input line 9.
(pdftex.def)             Requested size: 332.89412pt x 161.64291pt.
<figs/Zeeman_Etalon.png, id=147, 357.335pt x 283.0575pt>
File: figs/Zeeman_Etalon.png Graphic file (type png)
<use figs/Zeeman_Etalon.png>
Package pdftex.def Info: figs/Zeeman_Etalon.png  used on input line 18.
(pdftex.def)             Requested size: 204.85672pt x 162.27304pt.

Underfull \hbox (badness 10000) in paragraph at lines 31--32

 []

<figs/ZeemanFoto_001.png, id=152, 1373.13pt x 921.4425pt>
File: figs/ZeemanFoto_001.png Graphic file (type png)
<use figs/ZeemanFoto_001.png>
Package pdftex.def Info: figs/ZeemanFoto_001.png  used on input line 42.
(pdftex.def)             Requested size: 204.85672pt x 137.46523pt.
LaTeX Font Info:    Font shape `T1/ntxtlf/m/n' will be
(Font)              scaled to size 9.0pt on input line 43.
LaTeX Font Info:    Font shape `T1/ntxtlf/b/n' will be
(Font)              scaled to size 9.0pt on input line 43.
<figs/ZeemanFoto_002.png, id=153, 1373.13pt x 921.4425pt>
File: figs/ZeemanFoto_002.png Graphic file (type png)
<use figs/ZeemanFoto_002.png>
Package pdftex.def Info: figs/ZeemanFoto_002.png  used on input line 48.
(pdftex.def)             Requested size: 204.85672pt x 137.46523pt.
[3 <./figs/Zeeman_Aufbau.png> <./figs/Zeeman_Etalon.png>]
<figs/Zeeman_ÃœbergÃ¤nge.png, id=166, 557.08125pt x 630.355pt>
File: figs/Zeeman_ÃœbergÃ¤nge.png Graphic file (type png)
<use figs/Zeeman_ÃœbergÃ¤nge.png>
Package pdftex.def Info: figs/Zeeman_ÃœbergÃ¤nge.png  used on input line 62.
(pdftex.def)             Requested size: 153.64644pt x 173.85312pt.
 [4 <./figs/ZeemanFoto_001.png (PNG copy)> <./figs/ZeemanFoto_002.png (PNG copy)> <./figs/Zeeman_ÃœbergÃ¤nge.png>]
<figs/Zeeman_B-Feld.png, id=181, 582.175pt x 297.11pt>
File: figs/Zeeman_B-Feld.png Graphic file (type png)
<use figs/Zeeman_B-Feld.png>
Package pdftex.def Info: figs/Zeeman_B-Feld.png  used on input line 76.
(pdftex.def)             Requested size: 225.34708pt x 115.00198pt.
<figs/Zeeman_Dipolstrahlung.png, id=182, 611.28375pt x 264.99pt>
File: figs/Zeeman_Dipolstrahlung.png Graphic file (type png)
<use figs/Zeeman_Dipolstrahlung.png>
Package pdftex.def Info: figs/Zeeman_Dipolstrahlung.png  used on input line 81.
(pdftex.def)             Requested size: 225.34708pt x 97.68489pt.
<figs/ZeemanFoto_003.png, id=186, 1373.13pt x 921.4425pt>
File: figs/ZeemanFoto_003.png Graphic file (type png)
<use figs/ZeemanFoto_003.png>
Package pdftex.def Info: figs/ZeemanFoto_003.png  used on input line 91.
(pdftex.def)             Requested size: 204.85672pt x 137.46523pt.
<figs/ZeemanFoto_004.png, id=187, 1373.13pt x 921.4425pt>
File: figs/ZeemanFoto_004.png Graphic file (type png)
<use figs/ZeemanFoto_004.png>
Package pdftex.def Info: figs/ZeemanFoto_004.png  used on input line 97.
(pdftex.def)             Requested size: 204.85672pt x 137.46523pt.
<figs/Kalibration.png, id=188, 859.2903pt x 570.933pt>
File: figs/Kalibration.png Graphic file (type png)
<use figs/Kalibration.png>
Package pdftex.def Info: figs/Kalibration.png  used on input line 113.
(pdftex.def)             Requested size: 332.89412pt x 221.18198pt.
 [5 <./figs/Zeeman_B-Feld.png> <./figs/Zeeman_Dipolstrahlung.png> <./figs/ZeemanFoto_003.png (PNG copy)> <./figs/ZeemanFoto_004.png (PNG copy)>]
<figs/ZeemanFoto_006.png, id=198, 1373.13pt x 921.4425pt>
File: figs/ZeemanFoto_006.png Graphic file (type png)
<use figs/ZeemanFoto_006.png>
Package pdftex.def Info: figs/ZeemanFoto_006.png  used on input line 150.
(pdftex.def)             Requested size: 332.89412pt x 223.38626pt.
 [6 <./figs/Kalibration.png>]
<figs/ZeemanFoto_019.png, id=208, 1373.13pt x 921.4425pt>
File: figs/ZeemanFoto_019.png Graphic file (type png)
<use figs/ZeemanFoto_019.png>
Package pdftex.def Info: figs/ZeemanFoto_019.png  used on input line 162.
(pdftex.def)             Requested size: 204.85672pt x 137.46523pt.
<figs/ZeemanFoto_020.png, id=209, 1373.13pt x 921.4425pt>
File: figs/ZeemanFoto_020.png Graphic file (type png)
<use figs/ZeemanFoto_020.png>
Package pdftex.def Info: figs/ZeemanFoto_020.png  used on input line 168.
(pdftex.def)             Requested size: 204.85672pt x 137.46523pt.

Underfull \hbox (badness 10000) in paragraph at lines 174--175

 []

<figs/ZeemanFoto_022.png, id=213, 1373.13pt x 921.4425pt>
File: figs/ZeemanFoto_022.png Graphic file (type png)
<use figs/ZeemanFoto_022.png>
Package pdftex.def Info: figs/ZeemanFoto_022.png  used on input line 180.
(pdftex.def)             Requested size: 204.85672pt x 137.46523pt.
<figs/ZeemanFoto_023.png, id=214, 1373.13pt x 921.4425pt>
File: figs/ZeemanFoto_023.png Graphic file (type png)
<use figs/ZeemanFoto_023.png>
Package pdftex.def Info: figs/ZeemanFoto_023.png  used on input line 186.
(pdftex.def)             Requested size: 204.85672pt x 137.46523pt.
[7 <./figs/ZeemanFoto_006.png (PNG copy)> <./figs/ZeemanFoto_019.png (PNG copy)> <./figs/ZeemanFoto_020.png (PNG copy)>]
Underfull \hbox (badness 10000) in paragraph at lines 192--193

 []


Underfull \hbox (badness 10000) in paragraph at lines 194--195

 []

Package textcomp Info: Symbol \textmu not provided by
(textcomp)             font family ntxtlf in TS1 encoding.
(textcomp)             Default family used instead on input line 215.
Package textcomp Info: Symbol \textmu not provided by
(textcomp)             font family ntxtlf in TS1 encoding.
(textcomp)             Default family used instead on input line 215.
<figs/Int1.png, id=225, 860.013pt x 426.393pt>
File: figs/Int1.png Graphic file (type png)
<use figs/Int1.png>
Package pdftex.def Info: figs/Int1.png  used on input line 219.
(pdftex.def)             Requested size: 332.89412pt x 165.04991pt.
[8{/usr/share/texlive/texmf-dist/fonts/enc/dvips/cm-super/cm-super-ts1.enc} <./figs/ZeemanFoto_022.png (PNG copy)> <./figs/ZeemanFoto_023.png (PNG copy)>]
<figs/Int2.png, id=232, 860.013pt x 426.393pt>
File: figs/Int2.png Graphic file (type png)
<use figs/Int2.png>
Package pdftex.def Info: figs/Int2.png  used on input line 228.
(pdftex.def)             Requested size: 332.89412pt x 165.04991pt.
<figs/Int3.png, id=233, 860.013pt x 426.393pt>
File: figs/Int3.png Graphic file (type png)
<use figs/Int3.png>
Package pdftex.def Info: figs/Int3.png  used on input line 235.
(pdftex.def)             Requested size: 332.89412pt x 165.04991pt.
<figs/Int4.png, id=234, 860.013pt x 426.393pt>
File: figs/Int4.png Graphic file (type png)
<use figs/Int4.png>
Package pdftex.def Info: figs/Int4.png  used on input line 242.
(pdftex.def)             Requested size: 332.89412pt x 165.04991pt.
 [9 <./figs/Int1.png> <./figs/Int2.png> <./figs/Int3.png>]
<figs/Int5.png, id=245, 860.013pt x 426.393pt>
File: figs/Int5.png Graphic file (type png)
<use figs/Int5.png>
Package pdftex.def Info: figs/Int5.png  used on input line 249.
(pdftex.def)             Requested size: 332.89412pt x 165.04991pt.
<figs/Int6.png, id=246, 860.013pt x 426.393pt>
File: figs/Int6.png Graphic file (type png)
<use figs/Int6.png>
Package pdftex.def Info: figs/Int6.png  used on input line 256.
(pdftex.def)             Requested size: 332.89412pt x 165.04991pt.
LaTeX Font Info:    Trying to load font information for TS1+ntxtlf on input line 264.
 (/usr/share/texlive/texmf-dist/tex/latex/newtx/ts1ntxtlf.fd
File: ts1ntxtlf.fd 2015/01/18 v1.0 fd file for TS1/ntxtlf
)
LaTeX Font Info:    Font shape `TS1/ntxtlf/m/n' will be
(Font)              scaled to size 10.0pt on input line 264.
 [10{/usr/share/texlive/texmf-dist/fonts/enc/dvips/tex-gyre/q-ts1.enc} <./figs/Int4.png> <./figs/Int5.png> <./figs/Int6.png>]

Package hyperref Warning: Token not allowed in a PDF string (Unicode):
(hyperref)                removing `math shift' on input line 284.


Package hyperref Warning: Token not allowed in a PDF string (Unicode):
(hyperref)                removing `\Delta' on input line 284.


Package hyperref Warning: Token not allowed in a PDF string (Unicode):
(hyperref)                removing `math shift' on input line 284.


Overfull \hbox (22.6656pt too wide) detected at line 292
 $\OML/ntxmi/m/it/10 f\LMS/ntxsy/m/n/10 ¹\OML/ntxmi/m/it/10 A[]; ^^[[]; ^^V[]; A[]; ^^[[]; ^^V[]; A[]; ^^[[]; ^^V[]\LMS/ntxsy/m/n/10 º \U/ntxmia/m/it/10 = [] [] [] \LMS/ntxsy/m/n/10 Ï [] [] [] Ï [] [] []$  
 []

<figs/Gauss1.png, id=258, 1003.8303pt x 570.933pt>
File: figs/Gauss1.png Graphic file (type png)
<use figs/Gauss1.png>
Package pdftex.def Info: figs/Gauss1.png  used on input line 300.
(pdftex.def)             Requested size: 358.50317pt x 203.8979pt.
<figs/Gauss2.png, id=259, 1003.8303pt x 570.933pt>
File: figs/Gauss2.png Graphic file (type png)
<use figs/Gauss2.png>
Package pdftex.def Info: figs/Gauss2.png  used on input line 305.
(pdftex.def)             Requested size: 358.50317pt x 203.8979pt.
<figs/Gauss3.png, id=260, 1003.8303pt x 570.933pt>
File: figs/Gauss3.png Graphic file (type png)
<use figs/Gauss3.png>
Package pdftex.def Info: figs/Gauss3.png  used on input line 314.
(pdftex.def)             Requested size: 358.50317pt x 203.8979pt.
<figs/Gauss4.png, id=261, 1003.8303pt x 570.933pt>
File: figs/Gauss4.png Graphic file (type png)
<use figs/Gauss4.png>
Package pdftex.def Info: figs/Gauss4.png  used on input line 319.
(pdftex.def)             Requested size: 358.50317pt x 203.8979pt.
[11 <./figs/Gauss1.png> <./figs/Gauss2.png>]
<figs/Gauss5.png, id=270, 1003.8303pt x 570.933pt>
File: figs/Gauss5.png Graphic file (type png)
<use figs/Gauss5.png>
Package pdftex.def Info: figs/Gauss5.png  used on input line 328.
(pdftex.def)             Requested size: 358.50317pt x 203.8979pt.
 [12 <./figs/Gauss3.png> <./figs/Gauss4.png>]
Package textcomp Info: Symbol \textmu not provided by
(textcomp)             font family ntxtlf in TS1 encoding.
(textcomp)             Default family used instead on input line 353.
Package textcomp Info: Symbol \textmu not provided by
(textcomp)             font family ntxtlf in TS1 encoding.
(textcomp)             Default family used instead on input line 354.
Package textcomp Info: Symbol \textmu not provided by
(textcomp)             font family ntxtlf in TS1 encoding.
(textcomp)             Default family used instead on input line 403.
Package textcomp Info: Symbol \textmu not provided by
(textcomp)             font family ntxtlf in TS1 encoding.
(textcomp)             Default family used instead on input line 405.
 [13 <./figs/Gauss5.png>]

Package hyperref Warning: Token not allowed in a PDF string (Unicode):
(hyperref)                removing `math shift' on input line 417.


Package hyperref Warning: Token not allowed in a PDF string (Unicode):
(hyperref)                removing `\mu' on input line 417.


Package hyperref Warning: Token not allowed in a PDF string (Unicode):
(hyperref)                removing `subscript' on input line 417.


Package hyperref Warning: Token not allowed in a PDF string (Unicode):
(hyperref)                removing `math shift' on input line 417.


LaTeX Warning: Citation 'Spektroskopie mit einem Fabry-Perot-Etalon' on page 14 undefined on input line 419.


Overfull \hbox (117.39565pt too wide) in paragraph at lines 419--420
\T1/ntxtlf/m/n/10 Theoretischen Über-le-gun-gen zu-fol-ge kann man Bohr-sches Ma-gne-ton $\OML/ntxmi/m/it/10 ^^V[]$ \T1/ntxtlf/m/n/10 aus Ge-ra-den-fit nach fol-gen-der Formel[[]]
 []

<figs/Bohr_fit1.png, id=291, 715.473pt x 497.9403pt>
File: figs/Bohr_fit1.png Graphic file (type png)
<use figs/Bohr_fit1.png>
Package pdftex.def Info: figs/Bohr_fit1.png  used on input line 429.
(pdftex.def)             Requested size: 460.93153pt x 320.78534pt.
<figs/Bohr_Magneton.png, id=292, 1003.8303pt x 426.393pt>
File: figs/Bohr_Magneton.png Graphic file (type png)
<use figs/Bohr_Magneton.png>
Package pdftex.def Info: figs/Bohr_Magneton.png  used on input line 436.
(pdftex.def)             Requested size: 460.93153pt x 195.78531pt.
[14 <./figs/Bohr_fit1.png>]

Package hyperref Warning: Token not allowed in a PDF string (Unicode):
(hyperref)                removing `math shift' on input line 482.


Package hyperref Warning: Token not allowed in a PDF string (Unicode):
(hyperref)                removing `math shift' on input line 482.


Package hyperref Warning: Token not allowed in a PDF string (Unicode):
(hyperref)                removing `math shift' on input line 482.


Package hyperref Warning: Token not allowed in a PDF string (Unicode):
(hyperref)                removing `math shift' on input line 482.

[15 <./figs/Bohr_Magneton.png>]

Package siunitx Warning: Unit macro \atomicmassunit has been deprecated in
(siunitx)                this release.
(siunitx)                
(siunitx)                The BIPM have removed this unit from the SI Brochure.
(siunitx)                You should define it yourself using \DeclareSIUnit in
(siunitx)                your source. The current definition is
(siunitx)                
(siunitx)                \DeclareSIUnit\atomicmassunit{u}

) (./04_aufgabe_2.tex
Underfull \hbox (badness 10000) in paragraph at lines 4--5

 []

[16]
<figs/Hertz_Aufbau.png, id=336, 462.97969pt x 364.36125pt>
File: figs/Hertz_Aufbau.png Graphic file (type png)
<use figs/Hertz_Aufbau.png>
Package pdftex.def Info: figs/Hertz_Aufbau.png  used on input line 8.
(pdftex.def)             Requested size: 230.46576pt x 181.37401pt.

Underfull \hbox (badness 10000) in paragraph at lines 12--14

 []


Package hyperref Warning: Token not allowed in a PDF string (Unicode):
(hyperref)                removing `math shift' on input line 18.


Package hyperref Warning: Token not allowed in a PDF string (Unicode):
(hyperref)                removing `subscript' on input line 18.


Package hyperref Warning: Token not allowed in a PDF string (Unicode):
(hyperref)                removing `math shift' on input line 18.

[17 <./figs/Hertz_Aufbau.png>]
<figs/Bremsspannungen.jpg, id=347, 462.0462pt x 343.2825pt>
File: figs/Bremsspannungen.jpg Graphic file (type jpg)
<use figs/Bremsspannungen.jpg>
Package pdftex.def Info: figs/Bremsspannungen.jpg  used on input line 24.
(pdftex.def)             Requested size: 230.46576pt x 171.23225pt.

Underfull \hbox (badness 3000) in paragraph at lines 29--30
[][]\T1/ntxtlf/m/n/10 Abbildung []23[] zeigt die An-oden-span-nugs-kur-ve $\OML/ntxmi/m/it/10 U[]\LMS/ntxsy/m/n/10 ¹\OML/ntxmi/m/it/10 U[]\LMS/ntxsy/m/n/10 º$ \T1/ntxtlf/m/n/10 für
 []


Underfull \hbox (badness 6526) in paragraph at lines 29--30
\T1/ntxtlf/m/n/10 ver-schie-de-ne Bremss-pan-nun-gen $\OML/ntxmi/m/it/10 U[] \LMS/ntxsy/m/n/10 ^^\ \OML/ntxmi/m/it/10 U[]$\T1/ntxtlf/m/n/10 . Wie er-war-
 []


Underfull \hbox (badness 3333) in paragraph at lines 29--30
\T1/ntxtlf/m/n/10 tet zeigt die Ein-hül-len-de je-der Mess-rei-he ei-ne Pro-por-tio-
 []


Underfull \hbox (badness 3724) in paragraph at lines 29--30
\T1/ntxtlf/m/n/10 na-li-tät zwi-schen Be-schleu-ni-gungs-span-nung und der Zähl-ra-
 []


Underfull \hbox (badness 2384) in paragraph at lines 29--30
\T1/ntxtlf/m/n/10 te an Elek-tro-nen am Auf-fän-ger. Je hö-her die Be-schleu-ni-
 []


Underfull \hbox (badness 1436) in paragraph at lines 29--30
\T1/ntxtlf/m/n/10 gungs-span-nung $\OML/ntxmi/m/it/10 U[]$ \T1/ntxtlf/m/n/10 ist, de-sto mehr ki-ne-ti-sche Ener-gie be-sit-
 []


Underfull \hbox (badness 1635) in paragraph at lines 29--30
\T1/ntxtlf/m/n/10 zen die Elek-tro-nen und de-sto wahr-schein-li-cher ist es, dass
 []


Underfull \hbox (badness 3503) in paragraph at lines 29--30
\T1/ntxtlf/m/n/10 die-se trotz elas-ti-scher Stö-ÿe und Ener-gie-ver-lus-te das Ge-
 []


Underfull \hbox (badness 2495) in paragraph at lines 29--30
\T1/ntxtlf/m/n/10 gen-feld über-win-den und den Auf-fän-ger er-rei-chen. Der Er-
 []


Underfull \hbox (badness 3536) in paragraph at lines 29--30
\T1/ntxtlf/m/n/10 war-tung ent-spricht eben-falls, dass die Span-nungs-kur-ve ei-
 []


Underfull \hbox (badness 1975) in paragraph at lines 29--30
\T1/ntxtlf/m/n/10 bei die Di-stanz zwi-schen je zwei Ma-xi-ma mit der An-re-
 []


Underfull \hbox (badness 1173) in paragraph at lines 29--30
\T1/ntxtlf/m/n/10 gungs-ener-gie $\U/ntxmia/m/it/10 ^^A\OML/ntxmi/m/it/10 E$ \T1/ntxtlf/m/n/10 des Quecksilber-Übergangs $\OT1/minntx/m/n/10 6\OML/ntxmi/m/it/10 S \LMS/ntxsy/m/n/10 ! \OT1/minntx/m/n/10 6\OML/ntxmi/m/it/10 P$ \T1/ntxtlf/m/n/10 as-
 []


Underfull \hbox (badness 4765) in paragraph at lines 29--30
\T1/ntxtlf/m/n/10 so-zi-iert wird. Es ist deut-lich zu se-hen, dass je hö-her
 []


Underfull \hbox (badness 2922) in paragraph at lines 29--30
\T1/ntxtlf/m/n/10 die Bremss-pan-nung $\OML/ntxmi/m/it/10 U[]$ \T1/ntxtlf/m/n/10 ge-wählt wird, je we-ni-ger Elek-tro-
 []


Underfull \hbox (badness 1248) in paragraph at lines 29--30
\T1/ntxtlf/m/n/10 nen be-sit-zen die nö-ti-ge Ener-gie um das zu-ge-hö-ri-ge Ge-gen-
 []


Underfull \hbox (badness 2261) in paragraph at lines 29--30
\T1/ntxtlf/m/n/10 feld zu über-win-den. Die Po-si-ti-on der Ma-xi-ma ist weit-ge-
 []


Underfull \hbox (badness 1303) in paragraph at lines 29--30
\T1/ntxtlf/m/n/10 hend un-ab-hän-gig von der ge-wähl-ten Bremss-pan-nung $\OML/ntxmi/m/it/10 U[]$\T1/ntxtlf/m/n/10 , da
 []


Underfull \hbox (badness 3514) in paragraph at lines 29--30
\T1/ntxtlf/m/n/10 die-se le-dig-lich ei-ne Ska-lie-rung den Span-nungs-gkur-ve dar-
 []


Underfull \hbox (badness 10000) in paragraph at lines 29--30

 []

LaTeX Font Info:    Font shape `T1/ntxtlf/m/it' will be
(Font)              scaled to size 10.0pt on input line 37.

Package hyperref Warning: Token not allowed in a PDF string (Unicode):
(hyperref)                removing `math shift' on input line 54.


Package hyperref Warning: Token not allowed in a PDF string (Unicode):
(hyperref)                removing `math shift' on input line 54.

[18 <./figs/Bremsspannungen.jpg>]
<figs/Temperatures.jpg, id=363, 462.0462pt x 343.2825pt>
File: figs/Temperatures.jpg Graphic file (type jpg)
<use figs/Temperatures.jpg>
Package pdftex.def Info: figs/Temperatures.jpg  used on input line 60.
(pdftex.def)             Requested size: 256.07481pt x 190.25688pt.

Underfull \hbox (badness 10000) in paragraph at lines 65--66

 []

<figs/Druckkurve.jpg, id=368, 472.8867pt x 343.2825pt>
File: figs/Druckkurve.jpg Graphic file (type jpg)
<use figs/Druckkurve.jpg>
Package pdftex.def Info: figs/Druckkurve.jpg  used on input line 70.
(pdftex.def)             Requested size: 256.07481pt x 185.89359pt.

Underfull \hbox (badness 1297) in paragraph at lines 76--77
[]\T1/ntxtlf/m/n/10 Die Kollisions-Wahrscheinlichkeit der Elek-tro-nen im
 []

[19 <./figs/Temperatures.jpg> <./figs/Druckkurve.jpg>]
<figs/Hertz_Termdiagramm_Hg.png, id=382, 594.22pt x 596.2275pt>
File: figs/Hertz_Termdiagramm_Hg.png Graphic file (type png)
<use figs/Hertz_Termdiagramm_Hg.png>
Package pdftex.def Info: figs/Hertz_Termdiagramm_Hg.png  used on input line 115.
(pdftex.def)             Requested size: 204.85672pt x 205.55315pt.
<figs/Hertz_Wirkungsquerschnitte.png, id=385, 609.27625pt x 471.7625pt>
File: figs/Hertz_Wirkungsquerschnitte.png Graphic file (type png)
<use figs/Hertz_Wirkungsquerschnitte.png>
Package pdftex.def Info: figs/Hertz_Wirkungsquerschnitte.png  used on input line 121.
(pdftex.def)             Requested size: 230.46576pt x 178.45097pt.

Underfull \hbox (badness 10000) in paragraph at lines 127--128

 []

) (./10_Fazit.tex
Underfull \hbox (badness 10000) in paragraph at lines 3--4

 []

[20 <./figs/Hertz_Termdiagramm_Hg.png> <./figs/Hertz_Wirkungsquerschnitte.png>])
LaTeX Font Info:    Font shape `T1/ntxtlf/m/sc' will be
(Font)              scaled to size 10.0pt on input line 36.
 [21{/usr/share/texlive/texmf-dist/fonts/enc/dvips/newtx/ntx-ec-tlf-pc.enc}] (./11_Anhang.tex
<figs/U2_2V.jpg, id=418, 462.0462pt x 343.2825pt>
File: figs/U2_2V.jpg Graphic file (type jpg)
<use figs/U2_2V.jpg>
Package pdftex.def Info: figs/U2_2V.jpg  used on input line 12.
(pdftex.def)             Requested size: 230.46576pt x 171.23225pt.
<figs/U2_2-5V.jpg, id=419, 462.0462pt x 343.2825pt>
File: figs/U2_2-5V.jpg Graphic file (type jpg)
<use figs/U2_2-5V.jpg>
Package pdftex.def Info: figs/U2_2-5V.jpg  used on input line 17.
(pdftex.def)             Requested size: 230.46576pt x 171.23225pt.
<figs/U2_3V.jpg, id=420, 462.0462pt x 343.2825pt>
File: figs/U2_3V.jpg Graphic file (type jpg)
<use figs/U2_3V.jpg>
Package pdftex.def Info: figs/U2_3V.jpg  used on input line 21.
(pdftex.def)             Requested size: 230.46576pt x 171.23225pt.
<figs/U2_3-5V.jpg, id=421, 471.2004pt x 343.2825pt>
File: figs/U2_3-5V.jpg Graphic file (type jpg)
<use figs/U2_3-5V.jpg>
Package pdftex.def Info: figs/U2_3-5V.jpg  used on input line 26.
(pdftex.def)             Requested size: 230.46576pt x 167.90083pt.
<figs/T_170.jpg, id=422, 462.0462pt x 343.2825pt>
File: figs/T_170.jpg Graphic file (type jpg)
<use figs/T_170.jpg>
Package pdftex.def Info: figs/T_170.jpg  used on input line 30.
(pdftex.def)             Requested size: 230.46576pt x 171.23225pt.
<figs/T_175.jpg, id=423, 471.2004pt x 343.2825pt>
File: figs/T_175.jpg Graphic file (type jpg)
<use figs/T_175.jpg>
Package pdftex.def Info: figs/T_175.jpg  used on input line 35.
(pdftex.def)             Requested size: 230.46576pt x 167.90083pt.
<figs/T_181.jpg, id=424, 471.2004pt x 346.1733pt>
File: figs/T_181.jpg Graphic file (type jpg)
<use figs/T_181.jpg>
Package pdftex.def Info: figs/T_181.jpg  used on input line 39.
(pdftex.def)             Requested size: 230.46576pt x 169.31474pt.
 [22]
Overfull \vbox (103.50319pt too high) has occurred while \output is active []

 [23 <./figs/U2_2V.jpg> <./figs/U2_2-5V.jpg> <./figs/U2_3V.jpg> <./figs/U2_3-5V.jpg> <./figs/T_170.jpg> <./figs/T_175.jpg> <./figs/T_181.jpg>]) [24] (out/main.aux)

LaTeX Font Warning: Size substitutions with differences
(Font)              up to 0.5pt have occurred.


LaTeX Warning: There were multiply-defined labels.

Package rerunfilecheck Info: File `main.out' has not changed.
(rerunfilecheck)             Checksum: 4D5D632EA26839E154EF24C8BD81A105;3961.
Package logreq Info: Writing requests to 'main.run.xml'.
\openout1 = `main.run.xml'.

 ) 
Here is how much of TeX's memory you used:
 29144 strings out of 476034
 548378 string characters out of 5792863
 1893388 words of memory out of 6000000
 48995 multiletter control sequences out of 15000+600000
 619633 words of font info for 187 fonts, out of 8000000 for 9000
 1139 hyphenation exceptions out of 8191
 80i,15n,82p,1821b,2461s stack positions out of 10000i,1000n,20000p,200000b,200000s
</usr/share/texlive/texmf-dist/fonts/type1/public/newtx/NewTXBMI.pfb></usr/share/texlive/texmf-dist/fonts/type1/public/newtx/NewTXMI.pfb></usr/share/texlive/texmf-dist/fonts/type1/public/newtx/NewTXMI7.pfb></usr/share/texlive/texmf-dist/fonts/type1/public/tex-gyre/qtmr.pfb></usr/share/texlive/texmf-dist/fonts/type1/public/cm-super/sfrm0900.pfb></usr/share/texlive/texmf-dist/fonts/type1/public/cm-super/sfrm1000.pfb></usr/share/texlive/texmf-dist/fonts/type1/public/txfonts/t1xtt.pfb></usr/share/texlive/texmf-dist/fonts/type1/public/newtx/txbmiaX.pfb></usr/share/texlive/texmf-dist/fonts/type1/public/newtx/txbsys.pfb></usr/share/texlive/texmf-dist/fonts/type1/public/newtx/txexs.pfb></usr/share/texlive/texmf-dist/fonts/type1/public/newtx/txmiaX.pfb></usr/share/texlive/texmf-dist/fonts/type1/public/txfonts/txsyc.pfb></usr/share/texlive/texmf-dist/fonts/type1/public/newtx/txsys.pfb></usr/share/texlive/texmf-dist/fonts/type1/public/newtx/ztmb.pfb></usr/share/texlive/texmf-dist/fonts/type1/public/newtx/ztmr.pfb></usr/share/texlive/texmf-dist/fonts/type1/public/newtx/ztmri.pfb>
Output written on out/main.pdf (24 pages, 15531577 bytes).
PDF statistics:
 545 PDF objects out of 1000 (max. 8388607)
 408 compressed objects within 5 object streams
 121 named destinations out of 1000 (max. 500000)
 382 words of extra memory for PDF output out of 10000 (max. 10000000)

